Gg, Gg, Gg, Gg, Mm, Mm, Mm, Gg, Xu, Xu, Uh, Uu, Ql, Uu, Ql, Uu, Uu^Uf, Uu^Uf, Uu^Uf, Qxu, Qxu, Uu, Qxu, Uu, Uh, Uu, Uu, Uu, Ql, Xu, Xu, Xu, Hh, Hh, Hh, Hh, Hh, Hh, Mm, Hh, Mm, Mm, Hh, Hh, Gg, Gg, Gg, Gg, Gg, Gg
Gg, Gg, Gg, Mm^Vhh, Chr, Mm, Mm, Hh^Fms, Hh, Xu, Uh^Ii, Uu, Uu, Ql, Ql, Uu, Uu^Uf, Uu^Uf, Uh, Qxu, Qxu, Qxu, Uu, Uh, Uu, Uu, Ur^Ii, Uu, Ql^Bs\, Ql, Mm, Mm, Mm, Hh, Hh^Fms, Hh, Mm, Mm, Mm, Mm, Hh^Fms, Hh, Mm, Mm, Mm, Gg, Gs^Fp, Gs^Fp, Gs^Fp, Gg
Gg, Gg, Gg, Chr, Ce, Gg, Chr, Mm, Xu, Ur, Qxu, Uu, Uu, Ql^Bs\, Uu, Ql, Cud, Uu, Uu^Vu, Uh, Qxu^Bs\, Uu, Ql, Uu, Qxu^Ii, Xu, Xu, Ql, Gg, Hh, Mm, Mm, Mm, Hh, Gg, Hh, Hh, Mm, Hh^Vc, Hh, Mm, Mm, Mm, Mm, Gg, Cer, Cer, Gs^Fp, Gs^Fp, Gg
Gg, Gg, Gg, Gg, Chr, Chr, 6 Khr, Chr, Xu, Xu, Qxu, Qxu^Bp|, Qxu, Ql, Ql, Cud, Qxu, Cud, Ql, Ql, Uu, Ur, Uu, Ql, Qxu, Xu, Xu, Mm, Gg, Mm, Hh, Mm, Gg, Gg, Gg, Gg, Mm, Hh, Mm, Mm, Mm, Mm, Mm, Cer, Cer, Cer, Cer, 7 Ker, Gg, Gg
Gg, Gg, Gg, Gg, Chr, Gg, Mm, Chr, Xu, Qxu, Uu^Vu, Ur, Qxu, Uu, Cud, Cud, 5 Kud, Cud, Cud, Uu^Uf, Ql, Ql, Ql, Qxu^Bs\, Uu, Xu, Xu, Gg, Mm, Mm, Mm, Gg, Gs^Fp, Gg, Gg, Mm, Mm, Mm, Mm, Mm, Mm, Mm, Gs^Fp, Gg, Cer, Cer, Gs, Gs, Gg, Gg
Mm, Hh^Vc, Mm, Mm, Mm, Hh^Fms, Mm, Xu, Xu, Qxu, Qxu, Qxu^Bp\, Uu, Uu, Cud, Qxu, Cud, Qxu, Cud, Uu, Ur, Ql, Ur^Vu, Uu, Uu^Uf, Xu, Xu, Mm, Mm, Mm, Mm, Gg, Gs^Fp, Gs^Fp, Gg, Mm, Mm, Mm, Gg, Mm, Gg, Gs^Fp, Gs^Fp, Gs^Fp, Mm^Vhhr, Gs^Fp, Mm, Mm, Hh^Fms, Gg
Mm, Hh^Fms, Mm, Mm, Mm, Mm, Xu, Xu, Gg, Cud, Uu, Qxu^Bs/, Ql, Ql, Uu^Vud, Cud, Ql, Cud, Uu, Ql, Ql, Ql^Bs\, Uu, Uu^Uf, Wwf, Xu, Xu, Mm, Mm, Mm, Gs^Fms, Gs^Fp, Gs^Fp, Gs^Fp, Gs^Fp, Gs^Fp, Gs^Fp, Gs^Fp, Gs^Fp, Gg, Mm, Gs^Fp, Gg, Gg, Mm, Mm, Mm, Mm, Mm, Gg
Gg, Mm, Gg, Hh^Fp, Gs^Fp, Gg, Gs^Fp, Gg, Gs^Fp, Ur, Qxu, Uu, Uu, Ql, Ql, Qxu^Ii, Ql, Ur, Uh, Uu, Uu, Uu, Uu^Uf, Ur, Wwf, Xu, Xu, Mm, Hh, Hh^Fms, Gs^Fp, Gs^Fp, Mm, Gs^Fp, Gs^Fp, Gs^Fp, Gg^Fet, Gs^Fp, Gs^Fp, Mm, Mm, Mm, Mm, Mm, Mm, Mm, Mm, Mm, Hh, Hh
Gg, Gg, Gs^Fp, Gs^Fp, Gg, Gs^Fp, Gs^Fp, Gs^Fp, Xu, Cud, Uh, Qxu, Ur, Qxu, Qxu, Ql, Uu, Uh, Uu^Vu, Uh, Uu, Uu^Uf, Ql, Ur, Uu^Ii, Wwf^Ii, Wwf^Ii, Gg, Gg, Gs^Fp, Gg, Mm, Mm, Mm, Gg, Gs^Fp, Gs^Fms, Gs^Fp, Gg, Mm, Mm, Mm, Mm, Mm, Mm, Mm, Hh^Fms, Hh, Hh, Hh
Gg, Gg, Gs^Fp, Gg, Gg, Gg, Gg, Xu, Xu, Xu, Xu, Uh, Uh, Uu, Uu, Uu, Uu^Uf, Uh, Uh, Uu, Uu, Uu^Uf, Ql, Ql, Xu, Xu, Xu, Wwf, Wwf, Mm, Mm, Mm, Mm, Mm, Gs^Fp, Gs^Fp, Gs^Fp, Gs^Fp, Gs^Fp, Gg, Gg, Gg, Gg, Mm, Hh, Hh, Hh, Hh, Gg, Gg
Gs^Fp, Gs^Fp, Gs^Fp, Gs^Fp, Gg, Gg, Gg, Xu, Mm, Xu, Uh^Ii, Uh, Xu, Xu, Xu, Xu, Xu, Uu, Xu, Qxu^Ii, Uu^Ii, Cud, Xu, Xu, Xu, Xu, Xu, Mm, Mm, Wwf, Mm, Mm, Mm, Hh^Fms, Gs^Fp, Gs^Fp, Gs^Fms, Gs^Fp, Gg, Gs^Fp, Gs^Fp, Gg, Gg, Hh, Gg, Hh, Gg, Gg, Gg, Gg
Gs^Fp, Gg^Fet, Gs^Fp, Gs^Fp, Gg, Gg, Gg, Mm, Mm, Mm, Mm, Xu, Mm, Xu, Ww, Xu, Xu, Xu, Xu, Xu, Cud, Cud, Ur, Xu, Mm, Mm, Hh^Fms, Mm, Gg, Ww, Wwr, Mm, Gg, Gg, Gs^Fp, Gs^Fp, Gs^Fp, Gs^Fp, Gs^Fp, Gs^Fp, Gs^Fp, Gs^Fp, Gs^Fp, Gg, Rd, Gg, Gg, Gg, Ww, Ww
Gg, Gs^Fp, Gg, Gg, Gg, Gg, Gg, Hh, Hh^Fms, Mm, Hh, Mm, Wwr, Ww, Gg, Gg, Gg, Mm, Mm, Xu, Xu, Ur, Gs^Fp, Gg, Gg, Ch, Gg, Gg, Gg, Gg, Gg, Ww^Bw/, Ww, Gg, Gs^Fp, Gs^Fp, Gs^Fp, Gs^Fp, Gs^Fp, Ww, Ww, Ww, Ww, Gg, Gg, Rd, Ww^Bw\, Ww, Gg, Gg
Gg, Gg, Gg, Gg, Gg, Gg^Vh, Gg, Gg, Hh, Hh, Gg, Gg, Ww^Bw\, Ww, Gg, Gg^Vc, Gg, Gg, Mm, Mm, Mm, Gg, Gs^Fms, Gg, Ch, Ch, Gg, Gg, Gg, Gg, Gg, Ww, Ww, Ww, Ww^Bw/, Rd, Rd, Gs^Fp, Ww, Ww, Gs^Fms, Gs^Fp, Gs^Fms, Ww, Ww, Gg, Ww, Rd, Gg, Gg
Gg, Gg, Gg, Gg, Mm, Gg, Gg, Gg, Ch, Ch, Gg, Gg, Ww, Gg, Gg, Gg, Gg, Gg, Mm, Mm, Hh, Ch, Ch^Fds, Ch^Fms, Gs^Fp, Gg, Gg, Gg, Gg, Gs^Fp, Gs^Fp, Gg, Gg, Rd, Ww, Ww, Ww, Ww^Bw\, Rd, Gs^Fp, Gs^Fms, Gs^Fp, Gs^Fp, Gg, Ww, Ww, Rd, Rd, Gs^Fp, Gg
Gg, Gg, Hh, Mm, Mm, Mm, Ch, Gg, Gg, Gg, Ww, Ww, Gs^Fp, Gs^Fp, Gs^Fp, Gg, Gg, Mm, Mm, Mm, Hh^Fms, Gs^Fms, Gs^Fp, Gs^Fp, Gs^Fp, Gs^Fp, Gg, Gg, Gs^Fp, Gs^Fp, Gs^Fms, Gg, Gs^Fp, Rd, Gg, Gs^Fp, Gg, Gg^Ve, Gs^Fp, Gs^Fp, Gs^Fp, Gs^Fms, Gg, Gg, Ww, Gg, Rd, Gs^Fp, Gs^Fp, Gg
Hh, Hh, Mm, Mm, Mm, Mm, Ch, Gg, Ww, Ww, Gs^Fp, Gs^Fp, Gs^Fms, Gs^Fp, Gs^Fp, Gg, Gg, Mm, Mm, Mm, Hh, Gs^Fp, Gs^Fms, Gs^Fp, Gs^Fp, Gg, Gg, Gs^Fp, Gs^Fp, Gs^Fp, Gs^Fp, Gs^Fp, Gs^Fp, Gs^Fp, Gs^Fp, Gg, Gg, Gg, Gs^Fp, Gs^Fp, Gg, Gg, Gg, Ww, Gg, Gg, Rd^Vhc, Gg, Gg, Gs^Fp
Hh^Fms, Hh, Hh, Mm, Hh, Hh, Wwr, Wwr, Ww, Ww, Gs^Fp, Gs^Fp, Gs^Fp, Gs^Fp, Gg, Gg, Gg, Hh, Hh, Hh^Fms, Gs^Fp, Gs^Fp, Gs^Fp, Gs^Fp, Gs^Fp, Gg, Gg, Gs^Fp, Gs^Fp, Gs^Fp, Gs^Fp, Gs^Fms, Gs^Fp, Gs^Fp, Gs^Fp, Gs^Fp, Gs^Fp, Gg, Gg, Gg, Gg, Gg, Ww, Ww, Gg, Gg, Wwf, Cv, Ww, Gs^Fp
Hh^Fms, Hh^Fms, Hh, Hh, Ww, Ww, Ww, Ww, Ww, Ww, Ww, Gs^Fp, Gg, Gg, Gg, Gg, Gg, Gg, Gs^Fp, Gs^Fp, Gs^Fp, Gs^Fp, Gg, Gs^Fp, Gg, Gg, Gg, Gg, Gg, Gg, Gs^Fp, Gs^Fp, Gs^Fp, Gs^Fms, Gs^Fp, Gs^Fp, Gg, Gg, Gg, Gg, Gg, Ww, Ww, Gg, Wwf^Bw|, Wwf, Cv, Cv, Gs^Fp, Gs^Fp
Hh, Hh, Gg, Wwr, Ww, Ww, Wo, Wo, Wo, Ww, Ww, Gs^Fp, Gs^Fp, Gg, Gg, Gg, Gs^Fp, Gs^Fp, Gs^Fp, Gs^Fp, Gg, Gg, Gg, Gs^Fp, Gg, Gg, Gg, Gg, Gg^Vc, Gg, Gg, Gs^Fp, Gs^Fp, Gs^Fp, Gg, Gg, Gg, Gg, Rd, Gg^Ve, Ww, Ww, Ww, Ww, Wwf^Bw\, Wwf, Cv, 3 Kv, Gs^Fp, Gs^Fp
Wwf, Wwf, Wwf, Ww, Ww, Ww, Wo, Wo, Ww, Ww, Gs^Fp, Gs^Fp, Gs^Fms, Gs^Fp, Gg, Gg, Gg, Gg, Gg, Gg, Gg, Gg, Gg, Gg, Gg, Gg, Gg, Gg, Gg, Gg, Gg, Gg, Gs^Fp, Gs^Fp, Gg, Gg, Gg, Gg, Gg, Ww^Bw\, Ww^Bw\, Ww, Ww^Bw/, Ww^Bw/, Ww, Wwf^Bw\, Wwf^Bw\, Cv, Ww, Gs^Fp
Wwf, Wwf, Gg, Ww, Ww, Ww, Ww, Ww, Ww, Gg, Gg, Gs^Fp, Gs^Fp, Gs^Fp, Gg, Gg, Gg, Gg, Gg, Gg, Gg, Gg, Gg, Gs^Fp, Gs^Fp, Gg, Gg, Gs^Fp, Gs^Fp, Gg, Gg, Gg, Gg, Gg, Ch, Ch, Gg, Gg, Ww, Ww, Ww, Wwf^Bw/, Ww, Ww, Gs^Fms, Gs^Fp, Gs^Fp, Cv, Gs^Fp, Gs^Fp
Gg, Gg, Gg^Vc, Gg, Gg, Ww, Gs^Fp, Ww, Gs^Fp, Ww^Bw/, Ww, Gs^Fp, Gs^Fp, Gg, Gg, Gg, Gg, Gg, Gs^Fp, Gs^Fp, Gs^Fp, Gs^Fp, Gs^Fp, Gg, Gg, Gs^Fp, Gg, Gs^Fp, Gs^Fp, Gg, Gg, Gg, Gg, Gg, Kh, Ch, Gg, Gg, Ww, Gg, Gg, Ww^Bw|, Gs^Fp, Gs^Fp, Gs^Fp, Gs^Fp, Gs^Fp, Gs^Fp, Gs^Fms, Gs^Fp
Gg, Gg, Gg, Gg, Gg, Gg, Gs^Fp, Gs^Fp, Gs^Fp, Gs^Fp, Gs^Fp, Ww, Ww, Gs^Fp, Gg, Gg, Gg, Gs^Fp, Gg^Fet, Gs^Fp, Gs^Fp, Gs^Fp, Gs^Fp, Gs^Fp, Gg, Gg, Hh^Fms, Hh^Fms, Gg, Gg, Gg, Gg, Gg, Gg, Rd, Gg, Gg, Gg, Ww, Gg, Gg, Rd, Gs^Fp, Gs^Fp, Gs^Fms, Gs^Fp, Gs^Fp, Gs^Fp, Gs^Fp, Gs^Fp
Gg, Gg, Gg, Gg, Gg, Gg, Gs^Fp, Gs^Fms, Gg, Gs^Fp, Gg, Gs^Fp, Gs^Fp, Ww, Gg, Gg, Gg, Gs^Fp, Gs^Fp, Gs^Fp, Gg, Gs^Fp, Gs^Fp, Gs^Fp, Gg, Hh, Mm, Mm, Hh, Gg, Gg, Gg, Gg, Gg, Gg, Rd, Ww^Bw\, Ww, Gg, Gg, Gg^Ve, Rd, Gs^Fp, Gs^Fp, Gs^Fp, Gs^Fms, Gs^Fp, Gs^Fp, Gs^Fp, Gs^Fp
Gg, Gg, Gg, Gg, Gg, Gs^Fp, Gs^Fp, Gs^Fp, Gs^Fp, Gg, Gg, Gg, Gg, Ww, Ww, Gg, Gg, Gg, Gs^Fp, Gs^Fp, Gs^Fp, Gg, Gg, Gg, Gg, Hh, Hh^Fms, Mm, Hh, Gs^Fp, Gs^Fp, Gg^Ve, Gg, Gg, Gg, Gg, Ww, Ww^Bw\, Gg, Gg, Gg, Gs^Fp, Gs^Fp, Gs^Fp, Gs^Fp, Gs^Fp, Gs^Fp, Gs^Fms, Gs^Fp, Gs^Fp
Gg, Gg, Gg, Gs^Fp, Gs^Fms, Gs^Fp, Gs^Fms, Gs^Fp, Gs^Fp, Gs^Fp, Gs^Fp, Gg, Gg, Gg, Gg, Ww, Ww, Gs^Fp, Gs^Fp, Gs^Fp, Gs^Fp, Gs^Fp, Gs^Fp, Gs^Fp, Gg, Hh, Hh, Mm, Hh, Gs^Fms, Gs^Fp, Gg, Gg, Gg, Ww, Ww, Gg^Fet, Ww, Ww, Gg, Gs^Fp, Gs^Fp, Gs^Fp, Gs^Fms, Gs^Fp, Gs^Fp, Gs^Fp, Gg^Fet, Gs^Fp, Gs^Fp
Gg, Gg, Gs^Fp, Gs^Fp, Gs^Fp, Gs^Fp, Gs^Fp, Gg^Fet, Gs^Fp, Gs^Fp, Gs^Fp, Gs^Fp, Gg, Gg, Gg^Ve, Gg, Gg, Ww, Ww^Bw/, Gg, Gg, Gg, Gg, Gs^Fp, Gs^Fp, Gg, Gg, Hh, Gs^Fp, Gs^Fp, Gs^Fms, Gs^Fp, Gg, Gg, Gg^Fet, Gg^Fet, Cv, Gg^Fet, Gg^Fet, Gg, Gs^Fp, Gs^Fp, Gs^Fp, Gs^Fp, Gs^Fms, Gs^Fp, Gs^Fp, Gs^Fp, Gs^Fms, Gs^Fp
Gg, Gg, Gs^Fp, Gs^Fp, Gs^Fms, Gs^Fp, Gs^Fp, Gs^Fp, Gs^Fp, Gs^Fms, Gs^Fp, Gs^Fp, Gs^Fp, Gg, Gg, Gg, Gg, Gg, Gg, Ww, Gg, Gg, Gg, Gs^Fp, Gg, Gs^Fp, Gs^Fp, Gg, Gg, Gs^Fp, Gs^Fp, Gs^Fp, Gg, Gg, Ww, Gg^Fet, Gg^Fet, Gg^Fet, Ww, Gs^Fp, Gs^Fp, Gs^Fms, Gs^Fp, Gs^Fp, Gs^Fp, Gs^Fp, Gs^Fp, Gs^Fp, Gs^Fp, Gs^Fp
Gg, Gs^Fp, Gs^Fp, Gs^Fp, Gs^Fp, Gs^Fp, Gg, Gs^Fp, Gs^Fms, Gs^Fp, Gg, Gs^Fp, Gs^Fp, Gs^Fp, Gs^Fp, Gs^Fp, Gs^Fp, Gg, Gg, Ww, Gg, Gg, Gs^Fp, Gg, Gg, Gg, Gg, Gg, Gg, Gs^Fp, Gs^Fp, Gs^Fp, Gg, Rd, Ww^Bw\, Ww, Ww, Ww, Gg, Gs^Fp, Gs^Fp, Gs^Fp, Gs^Fp, Gs^Fp, Gs^Fp, Gs^Fp, Gs^Fp, Gs^Fms, Gs^Fp, Gs^Fp
Gg, Gg, Gg, Gs^Fp, Gg, Gg, Gg, Gg, Gg, Gs^Fp, Gg, Gs^Fp, Gs^Fp, Gs^Fp, Gs^Fp, Gs^Fp, Gs^Fp, Gg, Gg, Ww, Ww, Gs^Fp, Gs^Fp, Gs^Fp, Gs^Fp, Gg, Gg, Gg, Gg^Ve, Gg, Ch, Gg, Ch, Gg^Ve, Ww, Ww^Bw\, Rd, Gg, Gg, Gg, Gg, Gs^Fp, Gg^Fet, Gs^Fp, Gs^Fp, Gs^Fms, Gs^Fp, Gs^Fp, Gs^Fp, Gs^Fp
Gg, Gg, Gg, Gg, Gg, Gg, Gs^Fp, Gg, Gg^Ve, Gg, Gg, Gg, Gg, Gg, Gg, Gs^Fp, Gg, Gg, Gs^Fp, Re, Ww, Gs^Fp, Gs^Fp, Gs^Fms, Gs^Fp, Gg, Gg, Gg, Gg, Gg, Ch, Ch, 2 Kh, Ch, Ch, Ww, Gg, Rd, Gg^Ve, Gg, Gg, Gg, Ch, Gg, Gg^Fet, Gs^Fp, Gs^Fp, Gs^Fp, Gg, Gs^Fp
Gg, Gg, Gg, Gg, Gs^Fp, Gs^Fp, Gs^Fp, Gs^Fp, Gg, Gg, Gs^Fp, Gg, Gs^Fp, Gs^Fp, Gs^Fp, Gs^Fp, Gs^Fp, Gs^Fp, Re, Re, Ww, Gg, Gg, Gs^Fp, Gs^Fp, Gs^Fp, Gg, Gg, Gg, Gg, Gg, Ch, Ch, Ch, Ww, Ww, Gg, Gg, Gs^Fp, Gg, Gg, Gg, Ch, Ch, Gg, Gs^Fp, Gs^Fp, Gs^Fp, Gg, Gs^Fp
Gg, Gg, Gg, Gs^Fp, Gs^Fms, Gs^Fp, Gs^Fp, Gg, Gg, Gs^Fp, Gs^Fp, Gs^Fp, Gs^Fp, Gs^Fms, Gs^Fp, Gs^Fp, Gs^Fp, Gs^Fp, Ww, Ww^Bw\, Gg, Gg, Gg, Gs^Fp, Gs^Fp, Gs^Fp, Gs^Fp, Gg, Gg, Gg, Gs^Fp, Gg, Gg, Gg, Ww, Gs^Fp, Gs^Fms, Gs^Fp, Gs^Fp, Gg, Gg, Ch, 1 Kh, Ch, Gg, Gg, Gg, Gg, Gg, Gg
Gg, Gg, Gg, Gs^Fp, Gs^Fp, Gs^Fp, Gg, Gg, Gg, Gs^Fp, Gs^Fp, Gs^Fp, Gg^Fet, Gs^Fp, Gs^Fp, Gs^Fms, Ww, Ww, Ch, Re^Gvs, Re^Gvs, Gg^Ve, Gg, Gg, Gs^Fp, Gg^Fet, Gs^Fp, Gs^Fp, Gs^Fp, Gs^Fp, Gs^Fp, Gg, Gg^Ve, Gg, Ww, Gs^Fp, Gs^Fp, Gs^Fp, Gs^Fp, Gg, Gg, Ch, Ch, Ch, Gg, Gg, Gg^Ve, Gg, Gg, Gg
Gg, Gg, Gs^Fp, Gs^Fp, Gs^Fp, Gs^Fp, Gg, Gg, Gg^Ve, Gs^Fp, Gs^Fp, Gs^Fms, Gs^Fp, Gs^Fp, Gs^Fms, Ww, Gs^Fp, Ch, Ch, Ch, Ch, Re^Gvs, Re^Gvs, Gs^Fp, Gs^Fp, Gs^Fp, Gs^Fp, Gs^Fp, Gs^Fms, Gs^Fp, Gs^Fp, Gg, Gg, Gg, Ww, Gs^Fp, Gs^Fp, Gs^Fms, Gs^Fp, Gs^Fp, Gg^Fet, Ch, Gg, Gg, Gg, Gg, Gg, Gg, Gg, Gg
Gg, Gg, Gs^Fp, Gg^Fet, Gs^Fms, Gs^Fp, Gg, Gg, Gg, Gs^Fp, Gs^Fp, Gs^Fp, Gs^Fms, Gs^Fp, Gs^Fms, Ww, Gs^Fp, Ch, 4 Kh, Ch, Ch, Re^Gvs, Re^Gvs, Gs^Fp, Gs^Fp, Gs^Fms, Gs^Fp, Gs^Fp, Gs^Fp, Gs^Fp, Gg, Gs^Fp, Gg, Gg, Ww, Ww, Ww, Gs^Fp, Gs^Fp, Gs^Fp, Ww, Gg, Gg^Fet, Gg, Gs^Fp, Gg, Gg, Gg, Ww, Ww
Gg, Gg, Gg, Gs^Fp, Gs^Fp, Gs^Fp, Gg, Gg, Gg, Gs^Fp, Gs^Fp, Gs^Fp, Gs^Fp, Gs^Fp, Gs^Fp, Ww, Gg, Gg, Gg, Ch, Gg, Re^Gvs, Gg, Gs^Fp, Gg, Gs^Fp, Gg, Gs^Fp, Gg, Gg, Gg, Gg, Gg, Gg, Ww, Gg, Gg, Ww, Ww, Ww, Gs^Fp, Ww, Ww, Ww, Ww, Gg, Ww, Ww, Ww, Ww
Gg, Gg, Gg, Gs^Fp, Gs^Fp, Gs^Fp, Gg, Gg, Gg, Gg, Gg, Gg, Gg, Gg, Gg, Ww, Gg, Gg, Gg, Gg, Gg, Gg, Gg, Gg, Gg, Gg, Gg, Gg, Gg, Gg, Gg, Gg, Gg, Gg, Ww, Gg, Gg, Gg, Gg, Gs^Fp, Gg, Gg, Gg, Gg, Ww, Ww, Ww, Ww, Ww, Ww
